// Jest Snapshot v1, https://goo.gl/fbAQLP

exports[`<Header /> matches snapshot 1`] = `
<div>
  <header
    class="sc-jrAGrp hkJgOA"
  >
    <div
      class="sc-kEjbxe gXsult"
    >
      <a
        class="sc-iqHYGH dvthwX"
        href="/"
      >
        <img
          alt="logo"
          class="sc-crrsfI eJFwuc"
          src="logo.svg"
        />
      </a>
      <nav
        class="sc-dQppl QFlJH"
      >
        <a
          class="sc-bqyKva gspMji"
          href="/"
        />
      </nav>
    </div>
    <div
      class="sc-kEjbxe gXsult"
    >
      <div
        class="sc-gKsewC qQBTM"
      />
    </div>
  </header>
</div>
`;
